// Jest Snapshot v1, https://goo.gl/fbAQLP

exports[`it should handles valid input submission 1`] = `Array []`;
